---
source: cli/tests/cli_snapshot_tests.rs
expression: stdout
---
Download submission data for a filled target

Fetches the winning submission's data via the validator proxy network.

Usage: soma data [OPTIONS] <TARGET_ID>

Arguments:
  <TARGET_ID>
          Target ID to download submission data for

Options:
  -o, --output <OUTPUT>
          Output file path (defaults to ./<target_id>.data)

      --json
          Output as JSON

  -h, --help
          Print help (see a summary with '-h')

EXAMPLES:
    soma data 0xTARGET_ID
    soma data 0xTARGET_ID --output ./my-data.bin
